// Jest Snapshot v1, https://goo.gl/fbAQLP

exports[`check Article page rendered. using snapshot 1. 1`] = `
<table
  className="custom-border"
>
  <thead>
    <tr>
      <th>
        Name
      </th>
      <th>
        Email
      </th>
    </tr>
  </thead>
  <tbody>
    <tr>
      <td>
        Demo
      </td>
      <td>
        test@demo.com
      </td>
    </tr>
  </tbody>
</table>
`;
